fsl_clock.h:668:20:CLOCK_EnableClock	24	static
fsl_port.h:243:20:PORT_SetPinConfig	32	static
fsl_port.h:346:20:PORT_SetPinMux	24	static
fsl_port.h:415:20:PORT_SetPinInterruptConfig	24	static
pin_mux.c:132:6:BOARD_InitBootPins	8	static
pin_mux.c:159:6:BOARD_InitPins	8	static
pin_mux.c:220:6:BOARD_InitButtonsPins	24	static
pin_mux.c:304:6:BOARD_InitLEDsPins	32	static
pin_mux.c:404:6:BOARD_InitDEBUG_UARTPins	16	static
pin_mux.c:471:6:BOARD_InitOSCPins	8	static
pin_mux.c:504:6:BOARD_InitACCELPins	32	static
pin_mux.c:630:6:BOARD_InitENETPins	48	static
pin_mux.c:845:6:BOARD_InitSDHCPins	40	static
pin_mux.c:995:6:BOARD_InitUSBPins	4	static
